sfadafal
